// Jest Snapshot v1, https://goo.gl/fbAQLP

exports[`base test Data value convert success 1`] = `
{
  "a": "string",
  "b": 0,
  "c": {},
}
`;
