// Jest Snapshot v1, https://goo.gl/fbAQLP

exports[`enum test DataEnum value convert success 1`] = `
{
  "a": 100,
  "b": 300,
}
`;

exports[`enum test DataEnum2 value convert success 1`] = `
{
  "a": 100,
  "b": {},
  "c": {},
}
`;
