// Jest Snapshot v1, https://goo.gl/fbAQLP

exports[`base test DataOuter2 value convert success 1`] = `
{
  "a": {
    "a": 0,
  },
}
`;
