// Jest Snapshot v1, https://goo.gl/fbAQLP

exports[`symbol test SymbolData convert correctly 1`] = `
{
  "a": Symbol(symbol),
  "b": undefined,
  "c": {},
}
`;
